Changed database context to 'HotelManagementDB'.

(5 rows affected)

(5 rows affected)
Msg 207, Level 16, State 1, Server DESKTOP-8G4GBBR\SQLEXPRESS, Line 10
Invalid column name 'Floor'.
Msg 207, Level 16, State 1, Server DESKTOP-8G4GBBR\SQLEXPRESS, Line 10
Invalid column name 'IsAvailable'.
Msg 207, Level 16, State 1, Server DESKTOP-8G4GBBR\SQLEXPRESS, Line 10
Invalid column name 'CreatedAt'.
Msg 207, Level 16, State 1, Server DESKTOP-8G4GBBR\SQLEXPRESS, Line 10
Invalid column name 'Floor'.
Msg 207, Level 16, State 1, Server DESKTOP-8G4GBBR\SQLEXPRESS, Line 10
Invalid column name 'IsAvailable'.
Msg 207, Level 16, State 1, Server DESKTOP-8G4GBBR\SQLEXPRESS, Line 10
Invalid column name 'CreatedAt'.
Msg 207, Level 16, State 1, Server DESKTOP-8G4GBBR\SQLEXPRESS, Line 3
Invalid column name 'ReservationNumber'.
Msg 207, Level 16, State 1, Server DESKTOP-8G4GBBR\SQLEXPRESS, Line 15
Invalid column name 'CheckOutDate'.
Msg 207, Level 16, State 1, Server DESKTOP-8G4GBBR\SQLEXPRESS, Line 15
Invalid column name 'ReservationNumber'.
Msg 207, Level 16, State 1, Server DESKTOP-8G4GBBR\SQLEXPRESS, Line 15
Invalid column name 'CreatedAt'.
Msg 207, Level 16, State 1, Server DESKTOP-8G4GBBR\SQLEXPRESS, Line 15
Invalid column name 'CheckOutDate'.
Msg 207, Level 16, State 1, Server DESKTOP-8G4GBBR\SQLEXPRESS, Line 15
Invalid column name 'ReservationNumber'.
Msg 207, Level 16, State 1, Server DESKTOP-8G4GBBR\SQLEXPRESS, Line 15
Invalid column name 'CreatedAt'.
Bangladesh hotel data seeded successfully!
