[2026-09-06 11:57:29] Authenticate: username 'admin' authenticated successfully (UserId=1).
[2026-09-06 12:25:52] Authenticate: username 'admin' authenticated successfully (UserId=1).
[2026-09-06 12:29:56] Authenticate: username 'admin' authenticated successfully (UserId=1).
[2026-09-06 12:30:04] Failed to load rooms - System.Data.SqlClient.SqlException (0x80131904): Invalid column name 'IsAvailable'.
   at System.Data.SqlClient.SqlConnection.OnError(SqlException exception, Boolean breakConnection, Action`1 wrapCloseInAction)
   at System.Data.SqlClient.SqlInternalConnection.OnError(SqlException exception, Boolean breakConnection, Action`1 wrapCloseInAction)
   at System.Data.SqlClient.TdsParser.ThrowExceptionAndWarning(TdsParserStateObject stateObj, Boolean callerHasConnectionLock, Boolean asyncClose)
   at System.Data.SqlClient.TdsParser.TryRun(RunBehavior runBehavior, SqlCommand cmdHandler, SqlDataReader dataStream, BulkCopySimpleResultSet bulkCopyHandler, TdsParserStateObject stateObj, Boolean& dataReady)
   at System.Data.SqlClient.SqlDataReader.TryConsumeMetaData()
   at System.Data.SqlClient.SqlDataReader.get_MetaData()
   at System.Data.SqlClient.SqlCommand.FinishExecuteReader(SqlDataReader ds, RunBehavior runBehavior, String resetOptionsString, Boolean isInternal, Boolean forDescribeParameterEncryption, Boolean shouldCacheForAlwaysEncrypted)
   at System.Data.SqlClient.SqlCommand.RunExecuteReaderTds(CommandBehavior cmdBehavior, RunBehavior runBehavior, Boolean returnStream, Boolean async, Int32 timeout, Task& task, Boolean asyncWrite, Boolean inRetry, SqlDataReader ds, Boolean describeParameterEncryptionRequest)
   at System.Data.SqlClient.SqlCommand.RunExecuteReader(CommandBehavior cmdBehavior, RunBehavior runBehavior, Boolean returnStream, String method, TaskCompletionSource`1 completion, Int32 timeout, Task& task, Boolean& usedCache, Boolean asyncWrite, Boolean inRetry)
   at System.Data.SqlClient.SqlCommand.RunExecuteReader(CommandBehavior cmdBehavior, RunBehavior runBehavior, Boolean returnStream, String method)
   at System.Data.SqlClient.SqlCommand.ExecuteReader(CommandBehavior behavior, String method)
   at System.Data.SqlClient.SqlCommand.ExecuteDbDataReader(CommandBehavior behavior)
   at System.Data.Common.DbCommand.System.Data.IDbCommand.ExecuteReader(CommandBehavior behavior)
   at System.Data.Common.DbDataAdapter.FillInternal(DataSet dataset, DataTable[] datatables, Int32 startRecord, Int32 maxRecords, String srcTable, IDbCommand command, CommandBehavior behavior)
   at System.Data.Common.DbDataAdapter.Fill(DataTable[] dataTables, Int32 startRecord, Int32 maxRecords, IDbCommand command, CommandBehavior behavior)
   at System.Data.Common.DbDataAdapter.Fill(DataTable dataTable)
   at Hotel_Management_System.Forms.RoomsForm.LoadData(String filter) in C:\Users\Shithel\source\repos\Hotel Management System\Hotel Management System\Forms\RoomsForm.cs:line 36
ClientConnectionId:2d84187f-fdb9-4799-bb36-58b4bd674a85
Error Number:207,State:1,Class:16
[2026-09-06 12:30:12] Failed to load rooms - System.Data.SqlClient.SqlException (0x80131904): Invalid column name 'IsAvailable'.
   at System.Data.SqlClient.SqlConnection.OnError(SqlException exception, Boolean breakConnection, Action`1 wrapCloseInAction)
   at System.Data.SqlClient.SqlInternalConnection.OnError(SqlException exception, Boolean breakConnection, Action`1 wrapCloseInAction)
   at System.Data.SqlClient.TdsParser.ThrowExceptionAndWarning(TdsParserStateObject stateObj, Boolean callerHasConnectionLock, Boolean asyncClose)
   at System.Data.SqlClient.TdsParser.TryRun(RunBehavior runBehavior, SqlCommand cmdHandler, SqlDataReader dataStream, BulkCopySimpleResultSet bulkCopyHandler, TdsParserStateObject stateObj, Boolean& dataReady)
   at System.Data.SqlClient.SqlDataReader.TryConsumeMetaData()
   at System.Data.SqlClient.SqlDataReader.get_MetaData()
   at System.Data.SqlClient.SqlCommand.FinishExecuteReader(SqlDataReader ds, RunBehavior runBehavior, String resetOptionsString, Boolean isInternal, Boolean forDescribeParameterEncryption, Boolean shouldCacheForAlwaysEncrypted)
   at System.Data.SqlClient.SqlCommand.RunExecuteReaderTds(CommandBehavior cmdBehavior, RunBehavior runBehavior, Boolean returnStream, Boolean async, Int32 timeout, Task& task, Boolean asyncWrite, Boolean inRetry, SqlDataReader ds, Boolean describeParameterEncryptionRequest)
   at System.Data.SqlClient.SqlCommand.RunExecuteReader(CommandBehavior cmdBehavior, RunBehavior runBehavior, Boolean returnStream, String method, TaskCompletionSource`1 completion, Int32 timeout, Task& task, Boolean& usedCache, Boolean asyncWrite, Boolean inRetry)
   at System.Data.SqlClient.SqlCommand.RunExecuteReader(CommandBehavior cmdBehavior, RunBehavior runBehavior, Boolean returnStream, String method)
   at System.Data.SqlClient.SqlCommand.ExecuteReader(CommandBehavior behavior, String method)
   at System.Data.SqlClient.SqlCommand.ExecuteDbDataReader(CommandBehavior behavior)
   at System.Data.Common.DbCommand.System.Data.IDbCommand.ExecuteReader(CommandBehavior behavior)
   at System.Data.Common.DbDataAdapter.FillInternal(DataSet dataset, DataTable[] datatables, Int32 startRecord, Int32 maxRecords, String srcTable, IDbCommand command, CommandBehavior behavior)
   at System.Data.Common.DbDataAdapter.Fill(DataTable[] dataTables, Int32 startRecord, Int32 maxRecords, IDbCommand command, CommandBehavior behavior)
   at System.Data.Common.DbDataAdapter.Fill(DataTable dataTable)
   at Hotel_Management_System.Forms.RoomsForm.LoadData(String filter) in C:\Users\Shithel\source\repos\Hotel Management System\Hotel Management System\Forms\RoomsForm.cs:line 36
ClientConnectionId:2d84187f-fdb9-4799-bb36-58b4bd674a85
Error Number:207,State:1,Class:16
[2026-09-06 12:34:16] Authenticate: username 'admin' authenticated successfully (UserId=1).
[2026-09-06 12:39:41] Authenticate: username 'admin' authenticated successfully (UserId=1).
[2026-09-06 12:52:58] Authenticate: username 'admin' authenticated successfully (UserId=1).
[2026-09-06 13:11:13] Authenticate: username 'admin' authenticated successfully (UserId=1).
[2026-09-06 13:12:25] Failed to load reservation - System.InvalidOperationException: ExecuteScalar requires an open and available Connection. The connection's current state is closed.
   at System.Data.SqlClient.SqlCommand.ValidateCommand(String method, Boolean async)
   at System.Data.SqlClient.SqlCommand.RunExecuteReader(CommandBehavior cmdBehavior, RunBehavior runBehavior, Boolean returnStream, String method, TaskCompletionSource`1 completion, Int32 timeout, Task& task, Boolean& usedCache, Boolean asyncWrite, Boolean inRetry)
   at System.Data.SqlClient.SqlCommand.RunExecuteReader(CommandBehavior cmdBehavior, RunBehavior runBehavior, Boolean returnStream, String method)
   at System.Data.SqlClient.SqlCommand.ExecuteScalar()
   at Hotel_Management_System.Forms.ReservationEditForm.LoadReservation(Int32 id) in C:\Users\Shithel\source\repos\Hotel Management System\Hotel Management System\Forms\ReservationEditForm.cs:line 140
[2026-09-06 13:15:25] Authenticate: username 'admin' authenticated successfully (UserId=1).
[2026-09-06 13:16:53] Failed to load reservation - System.InvalidOperationException: ExecuteScalar requires an open and available Connection. The connection's current state is closed.
   at System.Data.SqlClient.SqlCommand.ValidateCommand(String method, Boolean async)
   at System.Data.SqlClient.SqlCommand.RunExecuteReader(CommandBehavior cmdBehavior, RunBehavior runBehavior, Boolean returnStream, String method, TaskCompletionSource`1 completion, Int32 timeout, Task& task, Boolean& usedCache, Boolean asyncWrite, Boolean inRetry)
   at System.Data.SqlClient.SqlCommand.RunExecuteReader(CommandBehavior cmdBehavior, RunBehavior runBehavior, Boolean returnStream, String method)
   at System.Data.SqlClient.SqlCommand.ExecuteScalar()
   at Hotel_Management_System.Forms.ReservationEditForm.LoadReservation(Int32 id) in C:\Users\Shithel\source\repos\Hotel Management System\Hotel Management System\Forms\ReservationEditForm.cs:line 140
[2026-09-06 13:17:25] Failed to load reservation - System.InvalidOperationException: ExecuteScalar requires an open and available Connection. The connection's current state is closed.
   at System.Data.SqlClient.SqlCommand.ValidateCommand(String method, Boolean async)
   at System.Data.SqlClient.SqlCommand.RunExecuteReader(CommandBehavior cmdBehavior, RunBehavior runBehavior, Boolean returnStream, String method, TaskCompletionSource`1 completion, Int32 timeout, Task& task, Boolean& usedCache, Boolean asyncWrite, Boolean inRetry)
   at System.Data.SqlClient.SqlCommand.RunExecuteReader(CommandBehavior cmdBehavior, RunBehavior runBehavior, Boolean returnStream, String method)
   at System.Data.SqlClient.SqlCommand.ExecuteScalar()
   at Hotel_Management_System.Forms.ReservationEditForm.LoadReservation(Int32 id) in C:\Users\Shithel\source\repos\Hotel Management System\Hotel Management System\Forms\ReservationEditForm.cs:line 140
[2026-09-06 13:19:55] Authenticate: username 'admin' authenticated successfully (UserId=1).
[2026-09-06 16:09:50] Authenticate: username 'admin' authenticated successfully (UserId=1).
[2026-09-06 21:44:53] Authenticate: username 'admin' authenticated successfully (UserId=1).
[2026-09-06 21:56:04] Authenticate: username 'admin' authenticated successfully (UserId=1).
[2026-09-06 21:57:51] Database connection string updated to: Data Source=.\SQLEXPRESS;Initial Catalog=HotelManagementDB;Integrated Security=True;TrustServerCertificate=True
[2026-09-06 21:57:59] Authenticate: username 'admin' authenticated successfully (UserId=1).
